┌──────────────────────────────┐
│ AddTrust External CA Root ✅ │
└──────────────────────────────┘                                                                                        
 Subject   :  AddTrust External CA Root, AddTrust External TTP Network, AddTrust AB, SE 
 Issuer    :  AddTrust External CA Root, AddTrust External TTP Network, AddTrust AB, SE 
 Valid     :  20.0 years, expired on 2020-05-30 ✅                                      
 Features  :  ROOT, CA                                                                  
                                                                                        
