┌─────────────────┐
│ *.google.com ✅ │
└─────────────────┘                                                                                  
 Subject      :  CN=*.google.com                                                  
 Issuer       :  CN=WR2,O=Google Trust Services,C=US                              
 Valid        :  ✅                                                               
   From       :  2025-07-07T08:34:03Z                                             
   To         :  2025-09-29T08:34:02Z                                             
 Features     :  DNS SANs                                                         
 Serial       :  4EC2C0CFFEB61D6309244D58A1A1CA37                                 
 Fingerprint  :  F700C97434575EBE70A70ED29BA82D44F1CE1455C3D9063F836895A1C6B57F26 
                                                                                  
 DNS SANs:                              
 - *.google.com                         
 - *.appengine.google.com               
 - *.bdn.dev                            
 - *.origin-test.bdn.dev                
 - *.cloud.google.com                   
 - *.crowdsource.google.com             
 - *.datacompute.google.com             
 - *.google.ca                          
 - *.google.cl                          
 - *.google.co.in                       
 - *.google.co.jp                       
 - *.google.co.uk                       
 - *.google.com.ar                      
 - *.google.com.au                      
 - *.google.com.br                      
 - *.google.com.co                      
 - *.google.com.mx                      
 - *.google.com.tr                      
 - *.google.com.vn                      
 - *.google.de                          
 - *.google.es                          
 - *.google.fr                          
 - *.google.hu                          
 - *.google.it                          
 - *.google.nl                          
 - *.google.pl                          
 - *.google.pt                          
 - *.googleapis.cn                      
 - *.googlevideo.com                    
 - *.gstatic.cn                         
 - *.gstatic-cn.com                     
 - googlecnapps.cn                      
 - *.googlecnapps.cn                    
 - googleapps-cn.com                    
 - *.googleapps-cn.com                  
 - gkecnapps.cn                         
 - *.gkecnapps.cn                       
 - googledownloads.cn                   
 - *.googledownloads.cn                 
 - recaptcha.net.cn                     
 - *.recaptcha.net.cn                   
 - recaptcha-cn.net                     
 - *.recaptcha-cn.net                   
 - widevine.cn                          
 - *.widevine.cn                        
 - ampproject.org.cn                    
 - *.ampproject.org.cn                  
 - ampproject.net.cn                    
 - *.ampproject.net.cn                  
 - google-analytics-cn.com              
 - *.google-analytics-cn.com            
 - googleadservices-cn.com              
 - *.googleadservices-cn.com            
 - googlevads-cn.com                    
 - *.googlevads-cn.com                  
 - googleapis-cn.com                    
 - *.googleapis-cn.com                  
 - googleoptimize-cn.com                
 - *.googleoptimize-cn.com              
 - doubleclick-cn.net                   
 - *.doubleclick-cn.net                 
 - *.fls.doubleclick-cn.net             
 - *.g.doubleclick-cn.net               
 - doubleclick.cn                       
 - *.doubleclick.cn                     
 - *.fls.doubleclick.cn                 
 - *.g.doubleclick.cn                   
 - dartsearch-cn.net                    
 - *.dartsearch-cn.net                  
 - googletraveladservices-cn.com        
 - *.googletraveladservices-cn.com      
 - googletagservices-cn.com             
 - *.googletagservices-cn.com           
 - googletagmanager-cn.com              
 - *.googletagmanager-cn.com            
 - googlesyndication-cn.com             
 - *.googlesyndication-cn.com           
 - *.safeframe.googlesyndication-cn.com 
 - app-measurement-cn.com               
 - *.app-measurement-cn.com             
 - gvt1-cn.com                          
 - *.gvt1-cn.com                        
 - gvt2-cn.com                          
 - *.gvt2-cn.com                        
 - 2mdn-cn.net                          
 - *.2mdn-cn.net                        
 - googleflights-cn.net                 
 - *.googleflights-cn.net               
 - admob-cn.com                         
 - *.admob-cn.com                       
 - googlesandbox-cn.com                 
 - *.googlesandbox-cn.com               
 - *.safenup.googlesandbox-cn.com       
 - *.gstatic.com                        
 - *.metric.gstatic.com                 
 - *.gvt1.com                           
 - *.gcpcdn.gvt1.com                    
 - *.gvt2.com                           
 - *.gcp.gvt2.com                       
 - *.url.google.com                     
 - *.youtube-nocookie.com               
 - *.ytimg.com                          
 - ai.android                           
 - android.com                          
 - *.android.com                        
 - *.flash.android.com                  
 - g.cn                                 
 - *.g.cn                               
 - g.co                                 
 - *.g.co                               
 - goo.gl                               
 - www.goo.gl                           
 - google-analytics.com                 
 - *.google-analytics.com               
 - google.com                           
 - googlecommerce.com                   
 - *.googlecommerce.com                 
 - ggpht.cn                             
 - *.ggpht.cn                           
 - urchin.com                           
 - *.urchin.com                         
 - youtu.be                             
 - youtube.com                          
 - *.youtube.com                        
 - music.youtube.com                    
 - *.music.youtube.com                  
 - youtubeeducation.com                 
 - *.youtubeeducation.com               
 - youtubekids.com                      
 - *.youtubekids.com                    
 - yt.be                                
 - *.yt.be                              
 - android.clients.google.com           
 - *.android.google.cn                  
 - *.chrome.google.cn                   
 - *.developers.google.cn               
 - *.aistudio.google.com                

┌────────┐
│ WR2 ✅ │
└────────┘                                                                                  
 Subject      :  CN=WR2,O=Google Trust Services,C=US                              
 Issuer       :  CN=GTS Root R1,O=Google Trust Services LLC,C=US                  
 Valid        :  ✅                                                               
   From       :  2023-12-13T09:00:00Z                                             
   To         :  2029-02-20T14:00:00Z                                             
 Features     :  CA                                                               
 Serial       :  7FF005A07C4CDED100AD9D66A5107B98                                 
 Fingerprint  :  E6FE22BF45E4F0D3B85C59E02C0F495418E1EB8D3210F788D48CD5E1CB547CD4 
                                                                                  
┌────────────────┐
│ GTS Root R1 ✅ │
└────────────────┘                                                                                  
 Subject      :  CN=GTS Root R1,O=Google Trust Services LLC,C=US                  
 Issuer       :  CN=GlobalSign Root CA,OU=Root CA,O=GlobalSign nv-sa,C=BE         
 Valid        :  ✅                                                               
   From       :  2020-06-19T00:00:42Z                                             
   To         :  2028-01-28T00:00:42Z                                             
 Features     :  ROOT, CA                                                         
 Serial       :  77BD0D6CDB36F91AEA210FC4F058D30D                                 
 Fingerprint  :  3EE0278DF71FA3C125C4CD487F01D774694E6FC57E0CD94C24EFD769133918E5 
                                                                                  
