┌─────────────────┐
│ *.google.com ✅ │
└─────────────────┘                                                   
 Subject   :  *.google.com (+137 DNS SANs)         
 Issuer    :  WR2, Google Trust Services, US       
 Valid     :  2.8 months, expired on 2025-09-29 ✅ 
 Features  :  DNS SANs                             
                                                   
 DNS SANs:                
 - *.google.com           
 - *.appengine.google.com 
 - *.bdn.dev              
 - *.origin-test.bdn.dev  
 - *.cloud.google.com     
 - (... 132 more)         

┌────────┐
│ WR2 ✅ │
└────────┘                                                              
 Subject   :  WR2, Google Trust Services, US                  
 Issuer    :  GTS Root R1, Google Trust Services LLC, US      
 Valid     :  5.2 years, expires in 3.4 years (2029-02-20) ✅ 
 Features  :  CA                                              
                                                              
┌────────────────┐
│ GTS Root R1 ✅ │
└────────────────┘                                                                
 Subject   :  GTS Root R1, Google Trust Services LLC, US        
 Issuer    :  GlobalSign Root CA, Root CA, GlobalSign nv-sa, BE 
 Valid     :  7.6 years, expires in 2.3 years (2028-01-28) ✅   
 Features  :  ROOT, CA                                          
                                                                
