┌────────────────────┐
│ alex.dzyoba.com ✅ │
└────────────────────┘                                                            
 Subject   :  alex.dzyoba.com (+1 DNS SANs)                 
 Issuer    :  Let's Encrypt Authority X3, Let's Encrypt, US 
 Valid     :  3.0 months, expired on 2019-12-13 ✅          
 Features  :  DNS SANs                                      
                                                            
 DNS SANs:         
 - alex.dzyoba.com 

┌───────────────────────────────┐
│ Let's Encrypt Authority X3 ✅ │
└───────────────────────────────┘                                                            
 Subject   :  Let's Encrypt Authority X3, Let's Encrypt, US 
 Issuer    :  DST Root CA X3, Digital Signature Trust Co.   
 Valid     :  5.0 years, expired on 2021-03-17 ✅           
 Features  :  CA                                            
                                                            
